<h2>Input example</h2>
<form class="example-form">
  <mat-form-field appearance="fill">
    <mat-label>Favorite food</mat-label>
    <input matInput placeholder="Ex. Pizza" value="Sushi">
  </mat-form-field>
</form>
