<h2>Slide toggle example</h2>
<mat-slide-toggle>Toggle</mat-slide-toggle>
