<h2>Progress spinner example</h2>
<mat-spinner></mat-spinner>
