<h2>Slider example</h2>
<mat-slider><input matSliderThumb /></mat-slider>
