cdk/drag-drop/all-directives: 155091
cdk/drag-drop/basic: 152522
material-experimental/mdc-chips/basic: 249660
material-experimental/mdc-form-field/advanced: 296409
material-experimental/mdc-form-field/basic: 294855
material/autocomplete/without-optgroup: 281544
material/button-toggle/standalone: 186619
material/chips/basic: 228157
material/datepicker/range-picker/without-form-field: 398783
material/expansion/without-accordion: 200184
material/form-field/advanced: 247973
material/form-field/basic: 246355
material/list/nav-list: 194468
material/menu/without-lazy-content: 286831
material/radio/without-group: 189803
material/select/basic: 329893
material/tabs/advanced: 248653
material/tabs/basic: 247787
