<h2>Button example</h2>
<button mat-button>Basic</button>
