<h2>Card example</h2>
<mat-card appearance="outlined">Pomeranian</mat-card><mat-card appearance="outlined">Maltese</mat-card>
<mat-card appearance="outlined">Chihuahua</mat-card>
<mat-card appearance="outlined">
  Welsh Corgi
  <mat-card
    appearance="outlined"
    class="example-card">
    Cardigan Welsh Corgi
  </mat-card>
  <mat-card
    appearance="outlined"
    class="example-card">
    Pembroke Welsh Corgi
  </mat-card>
</mat-card>
