<h2>Progress bar example</h2>
<mat-progress-bar mode="determinate" value="40"></mat-progress-bar>
